[2026-03-06 09:10:33] local.INFO: Detected N+1 Query  
[2026-03-06 09:10:33] local.INFO: Model: App\Models\AdminNotification
Relation: App\Models\User
Num-Called: 9
Call-Stack:
#17 \app\Providers\AppServiceProvider.php:65
#20 \vendor\laravel\framework\src\Illuminate\View\Concerns\ManagesEvents.php:177
#21 \vendor\laravel\framework\src\Illuminate\View\View.php:176
#22 \vendor\laravel\framework\src\Illuminate\View\View.php:147
#23 \storage\framework\views\c78cbd1d0ac9a053e5facbd1a704c16e7f89c55b.php:7
#25 \vendor\laravel\framework\src\Illuminate\Filesystem\Filesystem.php:110
#26 \vendor\laravel\framework\src\Illuminate\View\Engines\PhpEngine.php:58
#27 \vendor\laravel\framework\src\Illuminate\View\Engines\CompilerEngine.php:70
#28 \vendor\laravel\framework\src\Illuminate\View\View.php:195
#29 \vendor\laravel\framework\src\Illuminate\View\View.php:178
#30 \vendor\laravel\framework\src\Illuminate\View\View.php:147
#31 \storage\framework\views\f7069ff5b3b7d5d09a4dae2553cdc2c57ae2f298.php:426
#33 \vendor\laravel\framework\src\Illuminate\Filesystem\Filesystem.php:110
#34 \vendor\laravel\framework\src\Illuminate\View\Engines\PhpEngine.php:58
#35 \vendor\laravel\framework\src\Illuminate\View\Engines\CompilerEngine.php:70
#36 \vendor\laravel\framework\src\Illuminate\View\View.php:195
#37 \vendor\laravel\framework\src\Illuminate\View\View.php:178
#38 \vendor\laravel\framework\src\Illuminate\View\View.php:147
#39 \vendor\laravel\framework\src\Illuminate\View\View.php:492
#40 \vendor\spatie\backtrace\src\Arguments\Reducers\StringableArgumentReducer.php:19
#41 \vendor\spatie\backtrace\src\Arguments\ReduceArgumentPayloadAction.php:21
#42 \vendor\spatie\backtrace\src\Arguments\ReduceArgumentsAction.php:53
#45 \vendor\spatie\backtrace\src\Backtrace.php:221
#46 \vendor\spatie\backtrace\src\Backtrace.php:132
#47 \vendor\spatie\flare-client-php\src\Report.php:351
#48 \vendor\spatie\flare-client-php\src\Report.php:403
#49 \vendor\spatie\ignition\src\ErrorPage\ErrorPageViewModel.php:90
  
[2026-03-06 09:12:53] local.INFO: Detected N+1 Query  
[2026-03-06 09:12:53] local.INFO: Model: App\Models\AdminNotification
Relation: App\Models\User
Num-Called: 9
Call-Stack:
#17 \app\Providers\AppServiceProvider.php:65
#20 \vendor\laravel\framework\src\Illuminate\View\Concerns\ManagesEvents.php:177
#21 \vendor\laravel\framework\src\Illuminate\View\View.php:176
#22 \vendor\laravel\framework\src\Illuminate\View\View.php:147
#23 \storage\framework\views\c78cbd1d0ac9a053e5facbd1a704c16e7f89c55b.php:7
#25 \vendor\laravel\framework\src\Illuminate\Filesystem\Filesystem.php:110
#26 \vendor\laravel\framework\src\Illuminate\View\Engines\PhpEngine.php:58
#27 \vendor\laravel\framework\src\Illuminate\View\Engines\CompilerEngine.php:70
#28 \vendor\laravel\framework\src\Illuminate\View\View.php:195
#29 \vendor\laravel\framework\src\Illuminate\View\View.php:178
#30 \vendor\laravel\framework\src\Illuminate\View\View.php:147
#31 \storage\framework\views\f7069ff5b3b7d5d09a4dae2553cdc2c57ae2f298.php:426
#33 \vendor\laravel\framework\src\Illuminate\Filesystem\Filesystem.php:110
#34 \vendor\laravel\framework\src\Illuminate\View\Engines\PhpEngine.php:58
#35 \vendor\laravel\framework\src\Illuminate\View\Engines\CompilerEngine.php:70
#36 \vendor\laravel\framework\src\Illuminate\View\View.php:195
#37 \vendor\laravel\framework\src\Illuminate\View\View.php:178
#38 \vendor\laravel\framework\src\Illuminate\View\View.php:147
#39 \vendor\laravel\framework\src\Illuminate\View\View.php:492
#40 \vendor\spatie\backtrace\src\Arguments\Reducers\StringableArgumentReducer.php:19
#41 \vendor\spatie\backtrace\src\Arguments\ReduceArgumentPayloadAction.php:21
#42 \vendor\spatie\backtrace\src\Arguments\ReduceArgumentsAction.php:53
#45 \vendor\spatie\backtrace\src\Backtrace.php:221
#46 \vendor\spatie\backtrace\src\Backtrace.php:132
#47 \vendor\spatie\flare-client-php\src\Report.php:351
#48 \vendor\spatie\flare-client-php\src\Report.php:403
#49 \vendor\spatie\ignition\src\ErrorPage\ErrorPageViewModel.php:90
  
